// Jest Snapshot v1, https://goo.gl/fbAQLP

exports[`Label component matches snapshot 1`] = `
<div>
  <label
    class="root"
    for="inputId"
  >
    Label Text
  </label>
</div>
`;
