// Jest Snapshot v1, https://goo.gl/fbAQLP

exports[`NavigationProgress component matches snapshot 1`] = `
<div>
  <div
    class="root "
  />
</div>
`;
