// Jest Snapshot v1, https://goo.gl/fbAQLP

exports[`Button component matches snapshot 1`] = `
<div>
  <button
    aria-disabled="false"
    class="root  "
  >
    Click me
  </button>
</div>
`;
