// Jest Snapshot v1, https://goo.gl/fbAQLP

exports[`Pagination component matches snapshot 1`] = `
<div>
  <div
    class="root"
  >
    <div
      class="pagination"
    >
      <button
        class="button buttonActive"
      >
        1
      </button>
      <button
        class="button "
      >
        2
      </button>
      <button
        class="button "
      >
        3
      </button>
      <button
        class="button "
      >
        4
      </button>
      <button
        class="button "
      >
        5
      </button>
    </div>
  </div>
</div>
`;
